// Jest Snapshot v1, https://goo.gl/fbAQLP

exports[`Mixins between 1`] = `"calc(-40.00px + 14.00vw)"`;

exports[`Mixins clearfix 1`] = `
Object {
  "div::after": Object {
    "clear": "both",
    "content": "\\"\\"",
    "display": "table",
  },
}
`;

exports[`Mixins cover 1`] = `
Object {
  "bottom": "16px",
  "left": "16px",
  "position": "absolute",
  "right": "16px",
  "top": "16px",
}
`;

exports[`Mixins ellipsis 1`] = `
Object {
  "WebkitBoxOrient": "vertical",
  "WebkitLineClamp": 10,
  "display": "-webkit-box",
  "maxWidth": "16px",
  "overflow": "hidden",
  "textOverflow": "ellipsis",
  "whiteSpace": "normal",
  "wordWrap": "normal",
}
`;

exports[`Mixins fluidRange 1`] = `
Object {
  "@media (min-width: 1024px)": Object {
    "padding": "20px",
  },
  "@media (min-width: 320px)": Object {
    "padding": "calc(20.00px + 0.00vw)",
  },
  "padding": "20px",
}
`;

exports[`Mixins fluidRangeWithArray 1`] = `
Object {
  "@media (min-width: 1024px)": Object {
    "margin": "32px",
    "padding": "32px",
  },
  "@media (min-width: 320px)": Object {
    "margin": "calc(8.73px + 2.27vw)",
    "padding": "calc(8.73px + 2.27vw)",
  },
  "margin": "16px",
  "padding": "16px",
}
`;
